../../Drivers/CMSIS/Include/core_cm4.h:1938:34:__NVIC_SystemReset	4	static,ignoring_inline_asm
C:/Users/annet/Documents/motorsports/rear_vehicle_controller_25/Core/Src/stm32f4xx_it.c:74:6:NMI_Handler	4	static
C:/Users/annet/Documents/motorsports/rear_vehicle_controller_25/Core/Src/stm32f4xx_it.c:89:6:HardFault_Handler	24	static
C:/Users/annet/Documents/motorsports/rear_vehicle_controller_25/Core/Src/stm32f4xx_it.c:122:6:MemManage_Handler	4	static
C:/Users/annet/Documents/motorsports/rear_vehicle_controller_25/Core/Src/stm32f4xx_it.c:137:6:BusFault_Handler	4	static
C:/Users/annet/Documents/motorsports/rear_vehicle_controller_25/Core/Src/stm32f4xx_it.c:152:6:UsageFault_Handler	4	static
C:/Users/annet/Documents/motorsports/rear_vehicle_controller_25/Core/Src/stm32f4xx_it.c:167:6:DebugMon_Handler	4	static
C:/Users/annet/Documents/motorsports/rear_vehicle_controller_25/Core/Src/stm32f4xx_it.c:187:6:TIM1_UP_TIM10_IRQHandler	8	static
C:/Users/annet/Documents/motorsports/rear_vehicle_controller_25/Core/Src/stm32f4xx_it.c:202:6:TIM6_DAC_IRQHandler	8	static
C:/Users/annet/Documents/motorsports/rear_vehicle_controller_25/Core/Src/stm32f4xx_it.c:216:6:DMA2_Stream0_IRQHandler	8	static
C:/Users/annet/Documents/motorsports/rear_vehicle_controller_25/Core/Src/stm32f4xx_it.c:230:6:CAN2_TX_IRQHandler	8	static
C:/Users/annet/Documents/motorsports/rear_vehicle_controller_25/Core/Src/stm32f4xx_it.c:244:6:CAN2_RX0_IRQHandler	8	static
C:/Users/annet/Documents/motorsports/rear_vehicle_controller_25/Core/Src/stm32f4xx_it.c:258:6:CAN2_RX1_IRQHandler	8	static
